2020-12-24 11:26:56.865  WARN 81394 --- [main] o.s.boot.StartupInfoLogger               : InetAddress.getLocalHost().getHostName() took 5006 milliseconds to respond. Please verify your network configuration (macOS machines may need to add entries to /etc/hosts).
2020-12-24 11:27:01.873  INFO 81394 --- [main] g.s.SpringbootDemoApplication            : Starting SpringbootDemoApplication using Java 1.8.0_271 on appledeMacBook-Pro.local with PID 81394 (/Users/taoli/Project/springboot-demo/target/classes started by apple in /Users/taoli/Project/springboot-demo)
2020-12-24 11:27:01.874  INFO 81394 --- [main] g.s.SpringbootDemoApplication            : No active profile set, falling back to default profiles: default
2020-12-24 11:27:02.267  INFO 81394 --- [main] .s.d.r.c.RepositoryConfigurationDelegate : Bootstrapping Spring Data JPA repositories in DEFERRED mode.
2020-12-24 11:27:02.293  INFO 81394 --- [main] .s.d.r.c.RepositoryConfigurationDelegate : Finished Spring Data repository scanning in 21 ms. Found 1 JPA repository interfaces.
2020-12-24 11:27:02.355  WARN 81394 --- [main] o.m.s.mapper.ClassPathMapperScanner      : No MyBatis mapper was found in '[github.springbootdemo.dao.CityDao]' package. Please check your configuration.
2020-12-24 11:27:02.567  INFO 81394 --- [main] o.s.b.w.embedded.tomcat.TomcatWebServer  : Tomcat initialized with port(s): 8080 (http)
2020-12-24 11:27:02.572  INFO 81394 --- [main] o.apache.catalina.core.StandardService   : Starting service [Tomcat]
2020-12-24 11:27:02.572  INFO 81394 --- [main] org.apache.catalina.core.StandardEngine  : Starting Servlet engine: [Apache Tomcat/9.0.39]
2020-12-24 11:27:02.740  INFO 81394 --- [main] o.a.c.c.C.[Tomcat].[localhost].[/]       : Initializing Spring embedded WebApplicationContext
2020-12-24 11:27:02.740  INFO 81394 --- [main] w.s.c.ServletWebServerApplicationContext : Root WebApplicationContext: initialization completed in 839 ms
2020-12-24 11:27:02.848  INFO 81394 --- [main] o.s.s.concurrent.ThreadPoolTaskExecutor  : Initializing ExecutorService 'applicationTaskExecutor'
2020-12-24 11:27:02.876  INFO 81394 --- [task-1] o.hibernate.jpa.internal.util.LogHelper  : HHH000204: Processing PersistenceUnitInfo [name: default]
2020-12-24 11:27:02.899  WARN 81394 --- [main] JpaBaseConfiguration$JpaWebConfiguration : spring.jpa.open-in-view is enabled by default. Therefore, database queries may be performed during view rendering. Explicitly configure spring.jpa.open-in-view to disable this warning
2020-12-24 11:27:02.908  INFO 81394 --- [task-1] org.hibernate.Version                    : HHH000412: Hibernate ORM core version 5.4.23.Final
2020-12-24 11:27:02.980  INFO 81394 --- [task-1] o.hibernate.annotations.common.Version   : HCANN000001: Hibernate Commons Annotations {5.1.2.Final}
2020-12-24 11:27:03.105  INFO 81394 --- [task-1] com.zaxxer.hikari.HikariDataSource       : HikariPool-1 - Starting...
2020-12-24 11:27:03.234  INFO 81394 --- [main] o.s.b.w.embedded.tomcat.TomcatWebServer  : Tomcat started on port(s): 8080 (http) with context path ''
2020-12-24 11:27:03.236  INFO 81394 --- [main] DeferredRepositoryInitializationListener : Triggering deferred initialization of Spring Data repositories…
2020-12-24 11:27:03.419  INFO 81394 --- [task-1] com.zaxxer.hikari.HikariDataSource       : HikariPool-1 - Start completed.
2020-12-24 11:27:03.433  INFO 81394 --- [task-1] org.hibernate.dialect.Dialect            : HHH000400: Using dialect: org.hibernate.dialect.MySQL8Dialect
2020-12-24 11:27:03.853  INFO 81394 --- [task-1] o.h.e.t.j.p.i.JtaPlatformInitiator       : HHH000490: Using JtaPlatform implementation: [org.hibernate.engine.transaction.jta.platform.internal.NoJtaPlatform]
2020-12-24 11:27:03.859  INFO 81394 --- [task-1] j.LocalContainerEntityManagerFactoryBean : Initialized JPA EntityManagerFactory for persistence unit 'default'
2020-12-24 11:27:04.033  INFO 81394 --- [main] DeferredRepositoryInitializationListener : Spring Data repositories initialized!
2020-12-24 11:27:04.038  INFO 81394 --- [main] g.s.SpringbootDemoApplication            : Started SpringbootDemoApplication in 17.481 seconds (JVM running for 23.392)
2020-12-24 11:50:29.726  INFO 81394 --- [SpringContextShutdownHook] j.LocalContainerEntityManagerFactoryBean : Closing JPA EntityManagerFactory for persistence unit 'default'
2020-12-24 11:50:29.732  INFO 81394 --- [SpringContextShutdownHook] o.s.s.concurrent.ThreadPoolTaskExecutor  : Shutting down ExecutorService 'applicationTaskExecutor'
2020-12-24 11:50:29.733  INFO 81394 --- [SpringContextShutdownHook] com.zaxxer.hikari.HikariDataSource       : HikariPool-1 - Shutdown initiated...
2020-12-24 11:50:29.751  INFO 81394 --- [SpringContextShutdownHook] com.zaxxer.hikari.HikariDataSource       : HikariPool-1 - Shutdown completed.
